{
  "type": "object",
  "properties": {
    "d": {
      "oneOf": [
        {
          "$ref": "#/definitions/long-path.D"
        },
        {
          "type": "null"
        }
      ]
    }
  },
  "additionalProperties": false,
  "definitions": {
    "long-path.D": {
      "type": "object",
      "properties": {
        "starting_after": {
          "oneOf": [
            {
              "type": "string"
            },
            {
              "type": "null"
            }
          ]
        }
      },
      "additionalProperties": false
    }
  }
}